CCS PCM C Compiler, Version 4.104, 5967               01-dic.-21 10:04

               Filename: D:\usuarios\alumno\documentos\GitHub\palm_pills\RTOS\rtos.lst

               ROM used: 173 words (2%)
                         Largest free fragment is 2048
               RAM used: 13 (4%) at main() level
                         15 (4%) worst case
               Stack:    2 worst case (1 in main + 1 for interrupts)

*
0000:  MOVLW  00
0001:  MOVWF  0A
0002:  GOTO   02E
0003:  NOP
.................... #include <16F887.h> 
.................... //////// Standard Header file for the PIC16F887 device //////////////// 
.................... #device PIC16F887 
.................... #list 
....................  
.................... #fuses NOMCLR, NOBROWNOUT, NOLVP, INTRC_IO 
.................... #use delay(clock = 8MHz) 
*
0010:  MOVLW  29
0011:  MOVWF  04
0012:  BCF    03.7
0013:  MOVF   00,W
0014:  BTFSC  03.2
0015:  GOTO   023
0016:  MOVLW  02
0017:  MOVWF  78
0018:  CLRF   77
0019:  DECFSZ 77,F
001A:  GOTO   019
001B:  DECFSZ 78,F
001C:  GOTO   018
001D:  MOVLW  97
001E:  MOVWF  77
001F:  DECFSZ 77,F
0020:  GOTO   01F
0021:  DECFSZ 00,F
0022:  GOTO   016
.................... #use fast_io(B) 
.................... #use rtos(timer = 0, minor_cycle = 25ms) 
....................     
.................... #task(rate = 250ms, max = 25ms)                  // 1st RTOS task (executed every 250ms) 
.................... void funcion_alarma(){ 
....................   output_high(PIN_B2); 
*
000A:  BSF    06.2
....................   output_high(PIN_B1); 
000B:  BSF    06.1
....................   delay_ms(1000); 
000C:  MOVLW  04
000D:  MOVWF  28
000E:  MOVLW  FA
000F:  MOVWF  29
*
0023:  DECFSZ 28,F
0024:  GOTO   00E
....................   output_low(PIN_B2); 
0025:  BCF    06.2
....................   output_low(PIN_B1); 
0026:  BCF    06.1
.................... } 
0027:  MOVLW  0A
0028:  MOVWF  26
0029:  MOVLW  00
002A:  MOVWF  27
002B:  BCF    0A.3
002C:  BCF    0A.4
002D:  GOTO   09C
.................... void main(){ 
002E:  CLRF   04
002F:  BCF    03.7
0030:  MOVLW  1F
0031:  ANDWF  03,F
0032:  MOVLW  71
0033:  BSF    03.5
0034:  MOVWF  0F
0035:  MOVF   0F,W
0036:  BSF    03.6
0037:  MOVF   09,W
0038:  ANDLW  C0
0039:  MOVWF  09
003A:  BCF    03.6
003B:  BCF    1F.4
003C:  BCF    1F.5
003D:  MOVLW  00
003E:  BSF    03.6
003F:  MOVWF  08
0040:  BCF    03.5
0041:  CLRF   07
0042:  CLRF   08
0043:  CLRF   09
....................  
....................     output_b(0); 
0044:  BCF    03.6
0045:  CLRF   06
....................     set_tris_b(0); 
0046:  MOVLW  00
0047:  BSF    03.5
0048:  MOVWF  06
....................     rtos_run(); 
0049:  BCF    03.5
004A:  CLRF   21
004B:  CLRF   23
004C:  MOVLW  0A
004D:  MOVWF  22
004E:  CLRF   25
004F:  CLRF   24
0050:  MOVLW  0A
0051:  MOVWF  26
0052:  MOVLW  00
0053:  MOVWF  27
0054:  CLRF   20
0055:  BSF    03.5
0056:  MOVF   01,W
0057:  ANDLW  C0
0058:  IORLW  07
0059:  MOVWF  01
005A:  MOVLW  3D
005B:  BCF    03.5
005C:  MOVWF  01
005D:  BCF    0B.2
005E:  BSF    03.5
005F:  MOVF   01,W
0060:  ANDLW  C0
0061:  IORLW  07
0062:  MOVWF  01
0063:  MOVLW  3D
0064:  BCF    03.5
0065:  MOVWF  01
0066:  BCF    0B.2
0067:  BCF    03.0
0068:  RLF    20,W
0069:  MOVWF  77
006A:  CALL   004
006B:  MOVWF  79
006C:  MOVLW  01
006D:  ADDWF  77,W
006E:  CALL   004
006F:  MOVWF  7A
0070:  MOVF   79,W
0071:  MOVWF  04
0072:  BCF    03.7
0073:  BTFSC  7A.0
0074:  BSF    03.7
0075:  MOVF   00,W
0076:  MOVWF  79
0077:  INCF   04,F
0078:  MOVF   00,W
0079:  MOVWF  77
007A:  INCF   04,F
007B:  MOVF   00,W
007C:  MOVWF  78
007D:  INCF   04,F
007E:  INCF   00,F
007F:  MOVF   00,W
0080:  MOVWF  7A
0081:  BTFSS  03.2
0082:  GOTO   086
0083:  INCF   04,F
0084:  INCF   00,F
0085:  DECF   04,F
0086:  INCF   04,F
0087:  MOVF   00,W
0088:  SUBWF  78,W
0089:  BTFSS  03.2
008A:  GOTO   09E
008B:  MOVF   77,W
008C:  SUBWF  7A,W
008D:  BTFSS  03.2
008E:  GOTO   09E
008F:  DECF   04,F
0090:  CLRF   00
0091:  INCF   04,F
0092:  CLRF   00
0093:  INCF   04,F
0094:  BTFSC  79.7
0095:  GOTO   09E
0096:  INCF   04,F
0097:  MOVF   00,W
0098:  MOVWF  0A
0099:  DECF   04,F
009A:  MOVF   00,W
009B:  MOVWF  02
009C:  BCF    03.5
009D:  BCF    03.6
009E:  INCF   20,F
009F:  MOVLW  01
00A0:  SUBWF  20,W
00A1:  BTFSS  03.2
00A2:  GOTO   067
00A3:  CLRF   20
00A4:  MOVF   01,W
00A5:  BTFSS  0B.2
00A6:  GOTO   0A9
00A7:  BSF    03.5
00A8:  GOTO   063
00A9:  GOTO   0A4
00AA:  MOVLW  FF
00AB:  MOVWF  20
.................... } 
00AC:  SLEEP

Configuration Fuses:
   Word  1: 2CC4   INTRC_IO NOWDT PUT NOMCLR NOPROTECT NOCPD NOBROWNOUT IESO FCMEN NOLVP NODEBUG
   Word  2: 3FFF   NOWRT BORV40
